// Jest Snapshot v1, https://goo.gl/fbAQLP

exports[`FAQ Screen UI test Should render the screen as UI 1`] = `
<View>
  <RCTScrollView
    data={
      Array [
        Object {
          "answer": "Firstly, you need to ensure that all 8 characters are copied / pasted. 

Secondly, the temp password is only valid for 14 days after issuance. 

If the password has expired please contact our support team for further assistance (feedback.app@marlowgroup.com). 

They will reset you account in order that you can start the process again from the beginning. ",
          "id": 0,
          "opened": false,
          "question": "The temporary password I received by email does not work",
          "url": "mailto:feedback.app@marlowgroup.com",
        },
        Object {
          "answer": "Please enter your own password twice ensuring that: 
 a. It is a least 8 characters  
 b. It contains one capital letter  
 c. It contains one symbol (!@#$%^&*) 
 d. Both entries are identical",
          "id": 1,
          "opened": false,
          "question": "I cannot create a personal password. It is not accepted.",
        },
        Object {
          "answer": "Please use the ‘Forgot Password’ option on the login page. You will then receive an email with further guidance",
          "id": 2,
          "opened": false,
          "question": "I have forgotten my personal password",
        },
        Object {
          "answer": "Please contact our support team for further assistance (feedback.app@marlowgroup.com)",
          "id": 3,
          "opened": false,
          "question": "I used the ‘Forgot Password’ option but did not receive an email",
          "url": "mailto:feedback.app@marlowgroup.com",
        },
        Object {
          "answer": "a. You need to login into the application using your credentials. 
b. Set your security passcode 
c. Select More from the menu bar. 
d. Select the Settings tab. 
e. Swipe button to the right to Enable Biometrics. 
f. Use biometric confirmation to enable this feature. 
 Please note that Biometric security settings should be configured on your smartphone to be able to activate on the application.",
          "id": 4,
          "opened": false,
          "question": "How can I enable biometric login (finger print / face ID)?",
        },
      ]
    }
    disableVirtualization={false}
    getItem={[Function]}
    getItemCount={[Function]}
    getItemLayout={[Function]}
    horizontal={false}
    initialNumToRender={10}
    keyExtractor={[Function]}
    maxToRenderPerBatch={10}
    onContentSizeChange={[Function]}
    onEndReachedThreshold={2}
    onLayout={[Function]}
    onMomentumScrollEnd={[Function]}
    onScroll={[Function]}
    onScrollBeginDrag={[Function]}
    onScrollEndDrag={[Function]}
    removeClippedSubviews={false}
    renderItem={[Function]}
    scrollEventThrottle={50}
    stickyHeaderIndices={Array []}
    updateCellsBatchingPeriod={50}
    viewabilityConfigCallbackPairs={Array []}
    windowSize={21}
  >
    <View>
      <View
        style={null}
      >
        <RNGestureHandlerButton
          collapsable={false}
          onGestureEvent={[Function]}
          onGestureHandlerEvent={[Function]}
          onGestureHandlerStateChange={[Function]}
          onHandlerStateChange={[Function]}
          rippleColor={0}
          testID="faq-button-0"
        >
          <View
            accessible={true}
            style={
              Object {
                "borderBottomColor": "#C5C5C5",
                "borderBottomWidth": 0.3,
                "opacity": 1,
                "paddingVertical": 20,
              }
            }
          >
            <View
              style={
                Object {
                  "flexDirection": "row",
                  "justifyContent": "space-between",
                  "marginLeft": 22.5,
                  "marginRight": 30,
                }
              }
            >
              <Text
                style={
                  Array [
                    Object {
                      "color": "#2A2E43",
                      "fontFamily": "Roboto-Regular",
                    },
                    Object {
                      "color": undefined,
                      "fontSize": 14,
                      "fontWeight": "bold",
                      "width": 600,
                    },
                  ]
                }
              >
                The temporary password I received by email does not work
              </Text>
              <View
                style={
                  Object {
                    "overflow": "hidden",
                  }
                }
              >
                <View>
                  <View
                    style={
                      Object {
                        "alignItems": "center",
                        "backgroundColor": "transparent",
                        "justifyContent": "center",
                      }
                    }
                  >
                    <Text
                      allowFontScaling={false}
                      style={
                        Array [
                          Object {
                            "color": "#8E9397",
                            "fontSize": 30,
                          },
                          Object {
                            "backgroundColor": "transparent",
                          },
                          Object {
                            "fontFamily": "Material Icons",
                            "fontStyle": "normal",
                            "fontWeight": "normal",
                          },
                          Object {},
                        ]
                      }
                      testID="iconIcon"
                    >
                      
                    </Text>
                  </View>
                </View>
              </View>
            </View>
          </View>
        </RNGestureHandlerButton>
      </View>
      <View
        style={null}
      >
        <RNGestureHandlerButton
          collapsable={false}
          onGestureEvent={[Function]}
          onGestureHandlerEvent={[Function]}
          onGestureHandlerStateChange={[Function]}
          onHandlerStateChange={[Function]}
          rippleColor={0}
          testID="faq-button-1"
        >
          <View
            accessible={true}
            style={
              Object {
                "borderBottomColor": "#C5C5C5",
                "borderBottomWidth": 0.3,
                "opacity": 1,
                "paddingVertical": 20,
              }
            }
          >
            <View
              style={
                Object {
                  "flexDirection": "row",
                  "justifyContent": "space-between",
                  "marginLeft": 22.5,
                  "marginRight": 30,
                }
              }
            >
              <Text
                style={
                  Array [
                    Object {
                      "color": "#2A2E43",
                      "fontFamily": "Roboto-Regular",
                    },
                    Object {
                      "color": undefined,
                      "fontSize": 14,
                      "fontWeight": "bold",
                      "width": 600,
                    },
                  ]
                }
              >
                I cannot create a personal password. It is not accepted.
              </Text>
              <View
                style={
                  Object {
                    "overflow": "hidden",
                  }
                }
              >
                <View>
                  <View
                    style={
                      Object {
                        "alignItems": "center",
                        "backgroundColor": "transparent",
                        "justifyContent": "center",
                      }
                    }
                  >
                    <Text
                      allowFontScaling={false}
                      style={
                        Array [
                          Object {
                            "color": "#8E9397",
                            "fontSize": 30,
                          },
                          Object {
                            "backgroundColor": "transparent",
                          },
                          Object {
                            "fontFamily": "Material Icons",
                            "fontStyle": "normal",
                            "fontWeight": "normal",
                          },
                          Object {},
                        ]
                      }
                      testID="iconIcon"
                    >
                      
                    </Text>
                  </View>
                </View>
              </View>
            </View>
          </View>
        </RNGestureHandlerButton>
      </View>
      <View
        style={null}
      >
        <RNGestureHandlerButton
          collapsable={false}
          onGestureEvent={[Function]}
          onGestureHandlerEvent={[Function]}
          onGestureHandlerStateChange={[Function]}
          onHandlerStateChange={[Function]}
          rippleColor={0}
          testID="faq-button-2"
        >
          <View
            accessible={true}
            style={
              Object {
                "borderBottomColor": "#C5C5C5",
                "borderBottomWidth": 0.3,
                "opacity": 1,
                "paddingVertical": 20,
              }
            }
          >
            <View
              style={
                Object {
                  "flexDirection": "row",
                  "justifyContent": "space-between",
                  "marginLeft": 22.5,
                  "marginRight": 30,
                }
              }
            >
              <Text
                style={
                  Array [
                    Object {
                      "color": "#2A2E43",
                      "fontFamily": "Roboto-Regular",
                    },
                    Object {
                      "color": undefined,
                      "fontSize": 14,
                      "fontWeight": "bold",
                      "width": 600,
                    },
                  ]
                }
              >
                I have forgotten my personal password
              </Text>
              <View
                style={
                  Object {
                    "overflow": "hidden",
                  }
                }
              >
                <View>
                  <View
                    style={
                      Object {
                        "alignItems": "center",
                        "backgroundColor": "transparent",
                        "justifyContent": "center",
                      }
                    }
                  >
                    <Text
                      allowFontScaling={false}
                      style={
                        Array [
                          Object {
                            "color": "#8E9397",
                            "fontSize": 30,
                          },
                          Object {
                            "backgroundColor": "transparent",
                          },
                          Object {
                            "fontFamily": "Material Icons",
                            "fontStyle": "normal",
                            "fontWeight": "normal",
                          },
                          Object {},
                        ]
                      }
                      testID="iconIcon"
                    >
                      
                    </Text>
                  </View>
                </View>
              </View>
            </View>
          </View>
        </RNGestureHandlerButton>
      </View>
      <View
        style={null}
      >
        <RNGestureHandlerButton
          collapsable={false}
          onGestureEvent={[Function]}
          onGestureHandlerEvent={[Function]}
          onGestureHandlerStateChange={[Function]}
          onHandlerStateChange={[Function]}
          rippleColor={0}
          testID="faq-button-3"
        >
          <View
            accessible={true}
            style={
              Object {
                "borderBottomColor": "#C5C5C5",
                "borderBottomWidth": 0.3,
                "opacity": 1,
                "paddingVertical": 20,
              }
            }
          >
            <View
              style={
                Object {
                  "flexDirection": "row",
                  "justifyContent": "space-between",
                  "marginLeft": 22.5,
                  "marginRight": 30,
                }
              }
            >
              <Text
                style={
                  Array [
                    Object {
                      "color": "#2A2E43",
                      "fontFamily": "Roboto-Regular",
                    },
                    Object {
                      "color": undefined,
                      "fontSize": 14,
                      "fontWeight": "bold",
                      "width": 600,
                    },
                  ]
                }
              >
                I used the ‘Forgot Password’ option but did not receive an email
              </Text>
              <View
                style={
                  Object {
                    "overflow": "hidden",
                  }
                }
              >
                <View>
                  <View
                    style={
                      Object {
                        "alignItems": "center",
                        "backgroundColor": "transparent",
                        "justifyContent": "center",
                      }
                    }
                  >
                    <Text
                      allowFontScaling={false}
                      style={
                        Array [
                          Object {
                            "color": "#8E9397",
                            "fontSize": 30,
                          },
                          Object {
                            "backgroundColor": "transparent",
                          },
                          Object {
                            "fontFamily": "Material Icons",
                            "fontStyle": "normal",
                            "fontWeight": "normal",
                          },
                          Object {},
                        ]
                      }
                      testID="iconIcon"
                    >
                      
                    </Text>
                  </View>
                </View>
              </View>
            </View>
          </View>
        </RNGestureHandlerButton>
      </View>
      <View
        style={null}
      >
        <RNGestureHandlerButton
          collapsable={false}
          onGestureEvent={[Function]}
          onGestureHandlerEvent={[Function]}
          onGestureHandlerStateChange={[Function]}
          onHandlerStateChange={[Function]}
          rippleColor={0}
          testID="faq-button-4"
        >
          <View
            accessible={true}
            style={
              Object {
                "borderBottomColor": "#C5C5C5",
                "borderBottomWidth": 0.3,
                "opacity": 1,
                "paddingVertical": 20,
              }
            }
          >
            <View
              style={
                Object {
                  "flexDirection": "row",
                  "justifyContent": "space-between",
                  "marginLeft": 22.5,
                  "marginRight": 30,
                }
              }
            >
              <Text
                style={
                  Array [
                    Object {
                      "color": "#2A2E43",
                      "fontFamily": "Roboto-Regular",
                    },
                    Object {
                      "color": undefined,
                      "fontSize": 14,
                      "fontWeight": "bold",
                      "width": 600,
                    },
                  ]
                }
              >
                How can I enable biometric login (finger print / face ID)?
              </Text>
              <View
                style={
                  Object {
                    "overflow": "hidden",
                  }
                }
              >
                <View>
                  <View
                    style={
                      Object {
                        "alignItems": "center",
                        "backgroundColor": "transparent",
                        "justifyContent": "center",
                      }
                    }
                  >
                    <Text
                      allowFontScaling={false}
                      style={
                        Array [
                          Object {
                            "color": "#8E9397",
                            "fontSize": 30,
                          },
                          Object {
                            "backgroundColor": "transparent",
                          },
                          Object {
                            "fontFamily": "Material Icons",
                            "fontStyle": "normal",
                            "fontWeight": "normal",
                          },
                          Object {},
                        ]
                      }
                      testID="iconIcon"
                    >
                      
                    </Text>
                  </View>
                </View>
              </View>
            </View>
          </View>
        </RNGestureHandlerButton>
      </View>
    </View>
  </RCTScrollView>
</View>
`;
